// Jest Snapshot v1, https://goo.gl/fbAQLP

exports[`Test the 404 Component should match snapshot 1`] = `
<Fragment>
  <AuthNav />
  <div
    className="container"
  >
    <Link
      replace={false}
      to="/create-product"
    >
      <Button
        as="button"
        basic={true}
        className="newProduct"
        color="violet"
        content="Add Product"
      />
    </Link>
  </div>
</Fragment>
`;
