// Jest Snapshot v1, https://goo.gl/fbAQLP

exports[`Test the 404 Component should match snapshot 1`] = `
<div
  id="notfound"
>
  <div
    className="notfound"
  >
    <div
      className="notfound-404"
    >
      <h2>
        Page Not Found!
      </h2>
    </div>
    <Link
      replace={false}
      to="/"
    >
      <h2>
        Back to Homepage
      </h2>
    </Link>
  </div>
</div>
`;
