// Jest Snapshot v1, https://goo.gl/fbAQLP

exports[`<Narbar Component /> should 1`] = `
<Fragment>
  <header>
    <ToastContainer
      autoClose={5000}
      bodyClassName={null}
      className={null}
      closeButton={
        <CloseButton
          ariaLabel="close"
        />
      }
      closeOnClick={true}
      draggable={true}
      draggablePercent={80}
      hideProgressBar={false}
      newestOnTop={false}
      pauseOnFocusLoss={true}
      pauseOnHover={true}
      position="top-right"
      progressClassName={null}
      progressStyle={null}
      rtl={false}
      style={null}
      toastClassName={null}
      transition={[Function]}
    />
    <div
      className="container"
    >
      <div
        id="logo"
      >
        <h1>
          Store Manager
        </h1>
      </div>
      <nav>
        <ul>
          <Link
            className="navbar"
            replace={false}
            to="/dashboard"
          >
            Dashboard
          </Link>
          <Link
            className="navbar"
            replace={false}
            to="/products"
          >
            Products
          </Link>
          <Link
            className="navbar"
            replace={false}
            to="/sales"
          >
            Sales
          </Link>
          <Link
            className="navbar"
            replace={false}
            to="/attendants"
          >
            Attendants
          </Link>
          <Link
            className="navbar"
            replace={false}
            to="/"
          >
            Logout
          </Link>
          <Link
            replace={false}
            to="/cart"
          >
            <Icon
              as="i"
              className="cart"
              name="shop"
              size="large"
            />
          </Link>
        </ul>
      </nav>
    </div>
  </header>
</Fragment>
`;
